bringing up nodes...
bringing up nodes...

........................................................................ [  1%]
........................................................................ [  2%]
........................................................................ [  3%]
........................................................................ [  4%]
........................................................................ [  5%]
........................................................................ [  6%]
........................................................................ [  7%]
........................................................................ [  8%]
........................................................................ [  9%]
........................................................................ [ 10%]
........................................................................ [ 11%]
........................................................................ [ 12%]
........................................................................ [ 13%]
........................................................................ [ 14%]
........................................................................ [ 15%]
........................................................................ [ 16%]
........................................................................ [ 17%]
........................................................................ [ 18%]
........................................................................ [ 19%]
........................................................................ [ 20%]
........................................................................ [ 21%]
........................................................................ [ 22%]
.............................sss........................................ [ 23%]
........................................................................ [ 24%]
........................................................................ [ 25%]
........................................................................ [ 26%]
........................................................................ [ 27%]
........................................................................ [ 28%]
........................................................................ [ 30%]
........................................................................ [ 31%]
........................................................................ [ 32%]
........................................................................ [ 33%]
........................................................................ [ 34%]
........................................................................ [ 35%]
........................................................................ [ 36%]
........................................................................ [ 37%]
........................................................................ [ 38%]
........................................................................ [ 39%]
........................................................................ [ 40%]
........................................................................ [ 41%]
........................................................................ [ 42%]
........................................................................ [ 43%]
........................................................................ [ 44%]
........................................................................ [ 45%]
........................................................................ [ 46%]
........................................................................ [ 47%]
........................................................................ [ 48%]
........................................................................ [ 49%]
........................................................................ [ 50%]
........................................................................ [ 51%]
........................................................................ [ 52%]
........................................................................ [ 53%]
........................................................................ [ 54%]
........................................................................ [ 55%]
........................................................................ [ 56%]
........................................................................ [ 57%]
........................................................................ [ 59%]
........................................................................ [ 60%]
........................................................................ [ 61%]
........................................................................ [ 62%]
........................................................................ [ 63%]
........................................................................ [ 64%]
........................................................................ [ 65%]
........................................................................ [ 66%]
........................................................................ [ 67%]
........................................................................ [ 68%]
........................................................................ [ 69%]
........................................................................ [ 70%]
........................................................................ [ 71%]
........................................................................ [ 72%]
........................................................................ [ 73%]
........................................................................ [ 74%]
........................................................................ [ 75%]
........................................................................ [ 76%]
........................................................................ [ 77%]
........................................................................ [ 78%]
........................................................................ [ 79%]
........................................................................ [ 80%]
........................................................................ [ 81%]
........................................................................ [ 82%]
........................................................................ [ 83%]
........................................................................ [ 84%]
........................................................................ [ 85%]
........................................................................ [ 86%]
........................................................................ [ 88%]
........................................................................ [ 89%]
........................................................................ [ 90%]
........................................................................ [ 91%]
........................................................................ [ 92%]
........................................................................ [ 93%]
........................................................................ [ 94%]
........................................................................ [ 95%]
........................................................................ [ 96%]
........................................................................ [ 97%]
........................................................................ [ 98%]
........................................................................ [ 99%]
.........................................                                [100%]
============================== warnings summary ===============================
..\..\Users\nbasl\OneDrive\Documents\vs-code-repos\black_bot_baf\.venv\Lib\site-packages\discord\player.py:30
..\..\Users\nbasl\OneDrive\Documents\vs-code-repos\black_bot_baf\.venv\Lib\site-packages\discord\player.py:30
..\..\Users\nbasl\OneDrive\Documents\vs-code-repos\black_bot_baf\.venv\Lib\site-packages\discord\player.py:30
..\..\Users\nbasl\OneDrive\Documents\vs-code-repos\black_bot_baf\.venv\Lib\site-packages\discord\player.py:30
..\..\Users\nbasl\OneDrive\Documents\vs-code-repos\black_bot_baf\.venv\Lib\site-packages\discord\player.py:30
..\..\Users\nbasl\OneDrive\Documents\vs-code-repos\black_bot_baf\.venv\Lib\site-packages\discord\player.py:30
..\..\Users\nbasl\OneDrive\Documents\vs-code-repos\black_bot_baf\.venv\Lib\site-packages\discord\player.py:30
..\..\Users\nbasl\OneDrive\Documents\vs-code-repos\black_bot_baf\.venv\Lib\site-packages\discord\player.py:30
..\..\Users\nbasl\OneDrive\Documents\vs-code-repos\black_bot_baf\.venv\Lib\site-packages\discord\player.py:30
  C:\Users\nbasl\OneDrive\Documents\vs-code-repos\black_bot_baf\.venv\Lib\site-packages\discord\player.py:30: DeprecationWarning: 'audioop' is deprecated and slated for removal in Python 3.13
    import audioop

black_bloc\guard.py:11
black_bloc\guard.py:11
black_bloc\guard.py:11
black_bloc\guard.py:11
black_bloc\guard.py:11
black_bloc\guard.py:11
black_bloc\guard.py:11
black_bloc\guard.py:11
  C:\lcw\bb-posts-versions\black_bloc\guard.py:11: PytestCollectionWarning: cannot collect test class 'TestModeViolation' because it has a __init__ constructor (from: tests/test_guard.py)
    class TestModeViolation(RuntimeError):

tests/test_panels.py: 6 warnings
tests/cogs/moderation/test_modcmds.py: 10 warnings
tests/cogs/content/test_raidtrain.py: 1 warning
tests/cogs/content/test_chat_memory.py: 1 warning
tests/cogs/moderation/test_modmail.py: 5 warnings
tests/cogs/content/test_chat.py: 3 warnings
tests/cogs/community/test_requests.py: 14 warnings
tests/cogs/community/test_polls.py: 6 warnings
tests/cogs/community/test_events.py: 13 warnings
tests/cogs/community/test_applications.py: 2 warnings
  C:\lcw\bb-posts-versions\black_bloc\panels.py:275: DeprecationWarning: label is deprecated, use discord.ui.Label instead.
    self.note.label = label

tests/test_panels.py::test_two_note_modals_do_not_share_one_field
tests/test_panels.py::test_two_note_modals_do_not_share_one_field
  C:\lcw\bb-posts-versions\tests\test_panels.py:451: DeprecationWarning: label is deprecated, use discord.ui.Label instead.
    assert one.note.label == "First" and two.note.label == "Second"

tests/test_panels.py::test_the_note_modal_wears_the_title_label_and_limit_it_was_given
  C:\lcw\bb-posts-versions\tests\test_panels.py:438: DeprecationWarning: label is deprecated, use discord.ui.Label instead.
    assert modal.note.label == "What's left?"

tests/cogs/test_core.py::test_every_other_text_key_still_has_to_be_typed_into
tests/cogs/test_core.py::test_the_two_keys_that_may_be_blank_can_be_emptied_from_discord
tests/cogs/test_core.py::test_a_number_modal_carries_the_bound_and_refuses_past_it_without_writing
  C:\lcw\bb-posts-versions\black_bloc\cogs\core.py:1361: DeprecationWarning: label is deprecated, use discord.ui.Label instead.
    self.field.label = label[:LABEL_MAX]

tests/cogs/test_core.py::test_a_number_modal_carries_the_bound_and_refuses_past_it_without_writing
  C:\lcw\bb-posts-versions\tests\cogs\test_core.py:552: DeprecationWarning: label is deprecated, use discord.ui.Label instead.
    assert modal.field.label == "A whole number, no more than 10000"

tests/cogs/content/test_youtube.py::test_link_my_channel_opens_the_modal_and_a_relink_arrives_prefilled
  C:\lcw\bb-posts-versions\black_bloc\cogs\content\youtube.py:1196: DeprecationWarning: label is deprecated, use discord.ui.Label instead.
    self.channel.label = LINK_LABEL if mine else LINK_FOR_LABEL

tests/cogs/content/test_youtube.py::test_link_my_channel_opens_the_modal_and_a_relink_arrives_prefilled
  C:\lcw\bb-posts-versions\tests\cogs\content\test_youtube.py:499: DeprecationWarning: label is deprecated, use discord.ui.Label instead.
    assert modal.channel.label == LINK_LABEL

tests/cogs/moderation/test_automod.py::test_the_caps_card_asks_for_a_percent_and_refuses_a_count
tests/cogs/moderation/test_automod.py::test_the_caps_card_asks_for_a_percent_and_refuses_a_count
tests/cogs/moderation/test_automod.py::test_the_caps_card_asks_for_a_percent_and_refuses_a_count
tests/cogs/moderation/test_automod.py::test_a_number_the_engine_bounds_is_refused_in_words_and_saves_nothing
tests/cogs/moderation/test_automod.py::test_a_number_the_engine_bounds_is_refused_in_words_and_saves_nothing
tests/cogs/moderation/test_automod.py::test_a_number_the_engine_bounds_is_refused_in_words_and_saves_nothing
tests/cogs/moderation/test_automod.py::test_the_numbers_modal_arrives_full_and_writes_nothing_when_one_field_is_refused
tests/cogs/moderation/test_automod.py::test_the_numbers_modal_arrives_full_and_writes_nothing_when_one_field_is_refused
tests/cogs/moderation/test_automod.py::test_the_numbers_modal_arrives_full_and_writes_nothing_when_one_field_is_refused
  C:\lcw\bb-posts-versions\black_bloc\cogs\moderation\automod.py:1294: DeprecationWarning: label is deprecated, use discord.ui.Label instead.
    item.label = labels[key]

tests/cogs/moderation/test_automod.py::test_the_caps_card_asks_for_a_percent_and_refuses_a_count
  C:\lcw\bb-posts-versions\tests\cogs\moderation\test_automod.py:936: DeprecationWarning: label is deprecated, use discord.ui.Label instead.
    assert modal.threshold.label == "Percent capitals, 1–100"

tests/cogs/moderation/test_automod.py::test_the_numbers_modal_arrives_full_and_writes_nothing_when_one_field_is_refused
  C:\lcw\bb-posts-versions\tests\cogs\moderation\test_automod.py:898: DeprecationWarning: label is deprecated, use discord.ui.Label instead.
    assert "0 = one message" in modal.window.label

tests/cogs/community/test_role_menus.py::test_push_it_back_moves_the_end_date_from_the_one_it_had
  C:\lcw\bb-posts-versions\black_bloc\cogs\community\role_menus.py:2978: DeprecationWarning: label is deprecated, use discord.ui.Label instead.
    self.days.label = PUSH_LABEL

tests/cogs/community/test_posts.py::test_the_edit_modal_arrives_prefilled_and_names_the_cap
  C:\lcw\bb-posts-versions\black_bloc\cogs\community\posts.py:727: DeprecationWarning: label is deprecated, use discord.ui.Label instead.
    self.body.label = f"The message — up to {cap_for(row_value(row, 'style', PLAIN))}"

tests/cogs/community/test_posts.py::test_the_edit_modal_arrives_prefilled_and_names_the_cap
  C:\lcw\bb-posts-versions\tests\cogs\community\test_posts.py:446: DeprecationWarning: label is deprecated, use discord.ui.Label instead.
    assert "4096" in modal.body.label

tests/cogs/community/test_requests.py::test_the_note_modal_labels_name_who_the_note_is_sent_to
tests/cogs/community/test_requests.py::test_the_note_modal_labels_name_who_the_note_is_sent_to
  C:\lcw\bb-posts-versions\tests\cogs\community\test_requests.py:944: DeprecationWarning: label is deprecated, use discord.ui.Label instead.
    assert len(hold.note.label) <= 45 and "asker" in hold.note.label

tests/cogs/community/test_requests.py::test_the_note_modal_labels_name_who_the_note_is_sent_to
tests/cogs/community/test_requests.py::test_the_note_modal_labels_name_who_the_note_is_sent_to
  C:\lcw\bb-posts-versions\tests\cogs\community\test_requests.py:945: DeprecationWarning: label is deprecated, use discord.ui.Label instead.
    assert len(decline.note.label) <= 45 and "asker" in decline.note.label

tests/cogs/community/test_requests.py::test_the_note_modal_labels_name_who_the_note_is_sent_to
tests/cogs/community/test_requests.py::test_the_note_modal_labels_name_who_the_note_is_sent_to
  C:\lcw\bb-posts-versions\tests\cogs\community\test_requests.py:946: DeprecationWarning: label is deprecated, use discord.ui.Label instead.
    assert len(sendback.note.label) <= 45 and "ready" in sendback.note.label

-- Docs: https://docs.pytest.org/en/stable/how-to/capture-warnings.html
6950 passed, 3 skipped, 107 warnings in 76.62s (0:01:16)
